GPU: NVIDIA GeForce RTX 4090
step=25/2487 loss=0.671059 elapsed=28.3s step_time=1.134s
step=50/2487 loss=0.660543 elapsed=55.2s step_time=1.103s
step=75/2487 loss=0.447933 elapsed=82.0s step_time=1.093s
step=100/2487 loss=0.560393 elapsed=108.8s step_time=1.088s
step=125/2487 loss=0.485089 elapsed=135.7s step_time=1.085s
step=150/2487 loss=0.673422 elapsed=162.5s step_time=1.083s
step=175/2487 loss=0.460638 elapsed=189.3s step_time=1.082s
step=200/2487 loss=0.396034 elapsed=216.1s step_time=1.081s
step=225/2487 loss=0.472321 elapsed=243.0s step_time=1.080s
step=250/2487 loss=0.475933 elapsed=269.8s step_time=1.079s
step=275/2487 loss=0.662419 elapsed=296.6s step_time=1.079s
step=300/2487 loss=0.894119 elapsed=323.5s step_time=1.078s
step=325/2487 loss=0.269399 elapsed=350.3s step_time=1.078s
step=350/2487 loss=0.719704 elapsed=377.1s step_time=1.077s
step=375/2487 loss=0.388608 elapsed=404.0s step_time=1.077s
step=400/2487 loss=0.815163 elapsed=430.8s step_time=1.077s
step=425/2487 loss=0.376843 elapsed=457.6s step_time=1.077s
step=450/2487 loss=0.501136 elapsed=484.5s step_time=1.077s
step=475/2487 loss=0.400805 elapsed=511.3s step_time=1.077s
step=500/2487 loss=0.504887 elapsed=538.2s step_time=1.076s
step=525/2487 loss=0.547982 elapsed=565.0s step_time=1.076s
step=550/2487 loss=0.442530 elapsed=591.8s step_time=1.076s
step=575/2487 loss=0.460118 elapsed=618.6s step_time=1.076s
step=600/2487 loss=0.545769 elapsed=645.5s step_time=1.076s
step=625/2487 loss=0.386006 elapsed=672.3s step_time=1.076s
step=650/2487 loss=0.378259 elapsed=699.2s step_time=1.076s
step=675/2487 loss=0.389752 elapsed=726.0s step_time=1.076s
step=700/2487 loss=0.560869 elapsed=752.8s step_time=1.075s
step=725/2487 loss=0.334446 elapsed=779.7s step_time=1.075s
step=750/2487 loss=0.397760 elapsed=806.5s step_time=1.075s
step=775/2487 loss=0.563485 elapsed=833.3s step_time=1.075s
step=800/2487 loss=0.279660 elapsed=860.2s step_time=1.075s
step=825/2487 loss=1.088806 elapsed=887.0s step_time=1.075s
step=850/2487 loss=0.672905 elapsed=913.8s step_time=1.075s
step=875/2487 loss=0.410786 elapsed=940.7s step_time=1.075s
step=900/2487 loss=0.503133 elapsed=967.5s step_time=1.075s
step=925/2487 loss=0.473894 elapsed=994.3s step_time=1.075s
step=950/2487 loss=0.665442 elapsed=1021.2s step_time=1.075s
step=975/2487 loss=0.283288 elapsed=1048.0s step_time=1.075s
step=1000/2487 loss=0.389129 elapsed=1074.8s step_time=1.075s
step=1025/2487 loss=0.552009 elapsed=1101.6s step_time=1.075s
step=1050/2487 loss=0.611138 elapsed=1128.5s step_time=1.075s
step=1075/2487 loss=0.359137 elapsed=1155.3s step_time=1.075s
step=1100/2487 loss=0.497960 elapsed=1182.2s step_time=1.075s
step=1125/2487 loss=0.350650 elapsed=1209.0s step_time=1.075s
step=1150/2487 loss=0.291610 elapsed=1235.9s step_time=1.075s
step=1175/2487 loss=0.516303 elapsed=1262.7s step_time=1.075s
step=1200/2487 loss=0.396955 elapsed=1289.5s step_time=1.075s
step=1225/2487 loss=0.800434 elapsed=1316.4s step_time=1.075s
step=1250/2487 loss=0.922454 elapsed=1343.2s step_time=1.075s
step=1275/2487 loss=0.281425 elapsed=1370.1s step_time=1.075s
step=1300/2487 loss=0.452467 elapsed=1396.9s step_time=1.075s
step=1325/2487 loss=1.328385 elapsed=1423.7s step_time=1.075s
step=1350/2487 loss=0.339957 elapsed=1450.6s step_time=1.074s
step=1375/2487 loss=0.638535 elapsed=1477.4s step_time=1.074s
step=1400/2487 loss=0.608775 elapsed=1504.2s step_time=1.074s
step=1425/2487 loss=0.422751 elapsed=1531.1s step_time=1.074s
step=1450/2487 loss=0.279765 elapsed=1557.9s step_time=1.074s
step=1475/2487 loss=0.302889 elapsed=1584.8s step_time=1.074s
step=1500/2487 loss=0.488306 elapsed=1611.6s step_time=1.074s
step=1525/2487 loss=0.439746 elapsed=1638.5s step_time=1.074s
step=1550/2487 loss=0.262574 elapsed=1665.3s step_time=1.074s
step=1575/2487 loss=0.567732 elapsed=1692.1s step_time=1.074s
step=1600/2487 loss=0.725419 elapsed=1719.0s step_time=1.074s
step=1625/2487 loss=0.641171 elapsed=1745.8s step_time=1.074s
step=1650/2487 loss=0.512361 elapsed=1772.7s step_time=1.074s
step=1675/2487 loss=0.481605 elapsed=1799.5s step_time=1.074s
step=1700/2487 loss=0.398840 elapsed=1826.4s step_time=1.074s
step=1725/2487 loss=0.262131 elapsed=1853.2s step_time=1.074s
step=1750/2487 loss=0.525661 elapsed=1880.1s step_time=1.074s
step=1775/2487 loss=0.583684 elapsed=1906.9s step_time=1.074s
step=1800/2487 loss=0.628621 elapsed=1933.7s step_time=1.074s
step=1825/2487 loss=0.561075 elapsed=1960.6s step_time=1.074s
step=1850/2487 loss=0.408501 elapsed=1987.4s step_time=1.074s
step=1875/2487 loss=0.421042 elapsed=2014.3s step_time=1.074s
step=1900/2487 loss=0.539125 elapsed=2041.1s step_time=1.074s
step=1925/2487 loss=1.088658 elapsed=2067.9s step_time=1.074s
step=1950/2487 loss=0.674994 elapsed=2094.8s step_time=1.074s
step=1975/2487 loss=0.500173 elapsed=2121.6s step_time=1.074s
step=2000/2487 loss=0.359628 elapsed=2148.4s step_time=1.074s
step=2025/2487 loss=0.751621 elapsed=2175.2s step_time=1.074s
step=2050/2487 loss=0.753624 elapsed=2202.1s step_time=1.074s
step=2075/2487 loss=0.528495 elapsed=2228.9s step_time=1.074s
step=2100/2487 loss=0.479016 elapsed=2255.7s step_time=1.074s
step=2125/2487 loss=0.819905 elapsed=2282.6s step_time=1.074s
step=2150/2487 loss=0.585427 elapsed=2309.4s step_time=1.074s
step=2175/2487 loss=0.599081 elapsed=2336.2s step_time=1.074s
step=2200/2487 loss=0.650514 elapsed=2363.0s step_time=1.074s
step=2225/2487 loss=0.565083 elapsed=2389.9s step_time=1.074s
step=2250/2487 loss=0.679111 elapsed=2416.7s step_time=1.074s
step=2275/2487 loss=0.268991 elapsed=2443.5s step_time=1.074s
step=2300/2487 loss=0.448511 elapsed=2470.3s step_time=1.074s
step=2325/2487 loss=0.254510 elapsed=2497.2s step_time=1.074s
step=2350/2487 loss=0.343847 elapsed=2524.0s step_time=1.074s
step=2375/2487 loss=0.299650 elapsed=2550.9s step_time=1.074s
step=2400/2487 loss=0.382082 elapsed=2577.7s step_time=1.074s
step=2425/2487 loss=0.566159 elapsed=2604.5s step_time=1.074s
step=2450/2487 loss=0.724331 elapsed=2631.4s step_time=1.074s
step=2475/2487 loss=0.658754 elapsed=2658.2s step_time=1.074s
step=2487/2487 loss=0.448929 elapsed=2671.0s step_time=1.074s
{
  "formal_experiment": false,
  "num_workers": 8,
  "batch_size": 32,
  "completed_steps": 2487,
  "epoch_batches": 2487,
  "elapsed_seconds": 2671.081118989736,
  "seconds_per_step": 1.0740173377522058,
  "samples_per_second": 29.794677306580827,
  "estimated_epoch_minutes": 44.51801864982893,
  "mean_loss": 0.5143064239212534,
  "gpu": "NVIDIA GeForce RTX 4090"
}
